// Jest Snapshot v1, https://goo.gl/fbAQLP

exports[`Calculator component renders component to match the previous snapshot 1`] = `
<div
  className="mainCont"
>
  <h2>
    Let's do some math!
  </h2>
  <div
    className="calc"
  >
    <div
      className="calcScreen"
    >
      0
    </div>
    <div
      className="calcKeys"
    >
      <button
        className="calcBtn"
        name="AC"
        onClick={[Function]}
        type="button"
      >
        AC
      </button>
      <button
        className="calcBtn"
        name="+/-"
        onClick={[Function]}
        type="button"
      >
        +/-
      </button>
      <button
        className="calcBtn"
        name="%"
        onClick={[Function]}
        type="button"
      >
        %
      </button>
      <button
        className="calcBtn orangeBtn"
        name="รท"
        onClick={[Function]}
        type="button"
      >
        รท
      </button>
      <button
        className="calcBtn"
        name="7"
        onClick={[Function]}
        type="button"
      >
        7
      </button>
      <button
        className="calcBtn"
        name="8"
        onClick={[Function]}
        type="button"
      >
        8
      </button>
      <button
        className="calcBtn"
        name="9"
        onClick={[Function]}
        type="button"
      >
        9
      </button>
      <button
        className="calcBtn orangeBtn"
        name="x"
        onClick={[Function]}
        type="button"
      >
        x
      </button>
      <button
        className="calcBtn"
        name="4"
        onClick={[Function]}
        type="button"
      >
        4
      </button>
      <button
        className="calcBtn"
        name="5"
        onClick={[Function]}
        type="button"
      >
        5
      </button>
      <button
        className="calcBtn"
        name="6"
        onClick={[Function]}
        type="button"
      >
        6
      </button>
      <button
        className="calcBtn orangeBtn"
        name="-"
        onClick={[Function]}
        type="button"
      >
        -
      </button>
      <button
        className="calcBtn"
        name="1"
        onClick={[Function]}
        type="button"
      >
        1
      </button>
      <button
        className="calcBtn"
        name="2"
        onClick={[Function]}
        type="button"
      >
        2
      </button>
      <button
        className="calcBtn"
        name="3"
        onClick={[Function]}
        type="button"
      >
        3
      </button>
      <button
        className="calcBtn orangeBtn"
        name="+"
        onClick={[Function]}
        type="button"
      >
        +
      </button>
      <button
        className="calcBtn zero"
        name="0"
        onClick={[Function]}
        type="button"
      >
        0
      </button>
      <button
        className="calcBtn"
        name="."
        onClick={[Function]}
        type="button"
      >
        .
      </button>
      <button
        className="calcBtn orangeBtn"
        name="="
        onClick={[Function]}
        type="button"
      >
        =
      </button>
    </div>
  </div>
</div>
`;
